namespace NServiceBus
{
    public class static ContainerExtensions
    {
        public static NServiceBus.ContainerSettings<TContainerBuilder> UseContainer<TContainerBuilder>(this NServiceBus.EndpointConfiguration configuration, Microsoft.Extensions.DependencyInjection.IServiceProviderFactory<TContainerBuilder> serviceProviderFactory) { }
    }
    public class ContainerSettings<TContainerBuilder>
    {
        public Microsoft.Extensions.DependencyInjection.IServiceCollection ServiceCollection { get; }
        public void ConfigureContainer(System.Action<TContainerBuilder> containerConfiguration) { }
    }
}